// Jest Snapshot v1, https://goo.gl/fbAQLP

exports[`Contact page renders page correctly 1`] = `
<DocumentFragment>
  <div
    class="container pageContainer"
  >
    <div
      class="wrapper"
      style="opacity: 0;"
    >
      <div
        class="container"
      >
        <div
          class="row"
        >
          <div
            class="col col-lg-6 col-md-6 col-sm-12"
          >
            <div
              class="title"
            >
              <div
                class="container undefined"
                style="justify-content: center;"
              >
                <span
                  style="white-space: nowrap;"
                >
                  <span
                    style="overflow: hidden; display: inline-block;"
                  >
                    <h1
                      style="display: inline-block; opacity: 0; transform: translateY(200%) translateZ(0);"
                    >
                      G
                    </h1>
                  </span>
                  <span
                    style="overflow: hidden; display: inline-block;"
                  >
                    <h1
                      style="display: inline-block; opacity: 0; transform: translateY(200%) translateZ(0);"
                    >
                      e
                    </h1>
                  </span>
                  <span
                    style="overflow: hidden; display: inline-block;"
                  >
                    <h1
                      style="display: inline-block; opacity: 0; transform: translateY(200%) translateZ(0);"
                    >
                      t
                    </h1>
                  </span>
                  <span
                    style="overflow: hidden; display: inline-block;"
                  >
                    <h1
                      style="display: inline-block; opacity: 0; transform: translateY(200%) translateZ(0);"
                    >
                       
                    </h1>
                  </span>
                </span>
                <span
                  style="white-space: nowrap;"
                >
                  <span
                    style="overflow: hidden; display: inline-block;"
                  >
                    <h1
                      style="display: inline-block; opacity: 0; transform: translateY(200%) translateZ(0);"
                    >
                      i
                    </h1>
                  </span>
                  <span
                    style="overflow: hidden; display: inline-block;"
                  >
                    <h1
                      style="display: inline-block; opacity: 0; transform: translateY(200%) translateZ(0);"
                    >
                      n
                    </h1>
                  </span>
                  <span
                    style="overflow: hidden; display: inline-block;"
                  >
                    <h1
                      style="display: inline-block; opacity: 0; transform: translateY(200%) translateZ(0);"
                    >
                       
                    </h1>
                  </span>
                </span>
                <span
                  style="white-space: nowrap;"
                >
                  <span
                    style="overflow: hidden; display: inline-block;"
                  >
                    <h1
                      style="display: inline-block; opacity: 0; transform: translateY(200%) translateZ(0);"
                    >
                      t
                    </h1>
                  </span>
                  <span
                    style="overflow: hidden; display: inline-block;"
                  >
                    <h1
                      style="display: inline-block; opacity: 0; transform: translateY(200%) translateZ(0);"
                    >
                      o
                    </h1>
                  </span>
                  <span
                    style="overflow: hidden; display: inline-block;"
                  >
                    <h1
                      style="display: inline-block; opacity: 0; transform: translateY(200%) translateZ(0);"
                    >
                      u
                    </h1>
                  </span>
                  <span
                    style="overflow: hidden; display: inline-block;"
                  >
                    <h1
                      style="display: inline-block; opacity: 0; transform: translateY(200%) translateZ(0);"
                    >
                      c
                    </h1>
                  </span>
                  <span
                    style="overflow: hidden; display: inline-block;"
                  >
                    <h1
                      style="display: inline-block; opacity: 0; transform: translateY(200%) translateZ(0);"
                    >
                      h
                    </h1>
                  </span>
                  <span
                    style="overflow: hidden; display: inline-block;"
                  >
                    <h1
                      style="display: inline-block; opacity: 0; transform: translateY(200%) translateZ(0);"
                    >
                      !
                    </h1>
                  </span>
                </span>
              </div>
            </div>
          </div>
          <div
            class="col col-lg-3 col-md-3 col-sm-12"
          >
            <div
              style="opacity: 0;"
            >
              <h3>
                let's chat
              </h3>
              <a
                href="mailto:andrerodrigo.web@gmail.com"
                id="contact_email"
                rel="noreferrer"
                target="_blank"
              >
                andreptrodrigo@gmail.com
              </a>
            </div>
          </div>
          <div
            class="col col-lg-3 col-md-3 col-sm-12"
          >
            <div
              class="social"
              style="opacity: 0;"
            >
              <h3>
                social network
              </h3>
              <div>
                <ul>
                  <li>
                    <a
                      href="https://www.linkedin.com/in/andr%C3%A9-rodrigues-4b4a9b188/"
                      rel="noreferrer"
                      target="_blank"
                    >
                      <span />
                    </a>
                  </li>
                  <li>
                    <a
                      href="https://www.instagram.com/andre.creativedesign/"
                      rel="noreferrer"
                      target="_blank"
                    >
                      <span />
                    </a>
                  </li>
                  <li>
                    <a
                      href="https://www.facebook.com/profile.php?id=100009559637125"
                      rel="noreferrer"
                      target="_blank"
                    >
                      <span />
                    </a>
                  </li>
                </ul>
              </div>
            </div>
          </div>
        </div>
      </div>
    </div>
  </div>
</DocumentFragment>
`;
