// Jest Snapshot v1, https://goo.gl/fbAQLP

exports[`Blog renders page correctly 1`] = `
<DocumentFragment>
  <div
    class="container container"
  >
    <div
      class="wrapper"
      style="opacity: 0;"
    >
      <div
        class="title"
      >
        <div
          class="blogImage"
        />
        <h1>
          Curiosity Gem
        </h1>
        <p>
          Get the real experience and visit my official blog website
        </p>
        <button>
          <a
            href="https://www.curiositygem.com"
            rel="noreferrer"
            target="_blank"
          >
            go to blog
          </a>
        </button>
      </div>
    </div>
  </div>
</DocumentFragment>
`;
